// Jest Snapshot v1, https://goo.gl/fbAQLP

exports[' 1'] = `
<div>
  <div>
    <div>
      <select
        onChange={[Function]}
        value="All"
      >
        <option
          key="CATEGORIESone"
          value="CATEGORIES"
        >
          CATEGORIES
        </option>
        <option
          key="poisonone"
          value="poison"
        >
          poison
        </option>
        <option
          key="fireone"
          value="fire"
        >
          fire
        </option>
        <option
          key="flyingone"
          value="flying"
        >
          flying
        </option>
        <option
          key="waterone"
          value="water"
        >
          water
        </option>
        <option
          key="bugone"
          value="bug"
        >
          bug
        </option>
        <option
          key="normalone"
          value="normal"
        >
          normal
        </option>
        <option
          key="electricone"
          value="electric"
        >
          electric
        </option>
        <option
          key="groundone"
          value="ground"
        >
          ground
        </option>
        <option
          key="grassone"
          value="grass"
        >
          grass
        </option>
        <option
          key="psychicone"
          value="psychic"
        >
          psychic
        </option>
        <option
          key="rockone"
          value="rock"
        >
          rock
        </option>
        <option
          key="fightingone"
          value="fighting"
        >
          fighting
        </option>
      </select>
    </div>
  </div>
</div>
`;
